** Drc report for pl60c_dmx.kicad_pcb **
** Created on 2026-09-02T13:17:52 **
** Report includes: Errors, Warnings, Exclusions **

** Found 11 DRC violations **
[track_dangling]: Track has unconnected end
    Local override; warning
    @(7.1450 mm, 31.2500 mm): Track [USB_D-] on F.Cu, length 3.3000 mm
[silk_edge_clearance]: Silkscreen clipped by board edge
    Rule: board setup constraints silk; warning
    @(2.5000 mm, 0.0000 mm): Segment on Edge.Cuts
    @(20.8000 mm, -6.1500 mm): Segment of U1 on F.Silkscreen
[silk_edge_clearance]: Silkscreen clipped by board edge
    Rule: board setup constraints silk; warning
    @(2.5000 mm, 0.0000 mm): Segment on Edge.Cuts
    @(39.2000 mm, -6.1500 mm): Segment of U1 on F.Silkscreen
[silk_edge_clearance]: Silkscreen clipped by board edge
    Rule: board setup constraints silk; warning
    @(0.0000 mm, 51.5000 mm): Segment on Edge.Cuts
    @(1.1000 mm, 26.3000 mm): Segment of J1 on F.Silkscreen
[silk_edge_clearance]: Silkscreen clipped by board edge
    Rule: board setup constraints silk; warning
    @(0.0000 mm, 51.5000 mm): Segment on Edge.Cuts
    @(1.1000 mm, 35.7000 mm): Segment of J1 on F.Silkscreen
[silk_edge_clearance]: Silkscreen clipped by board edge
    Rule: board setup constraints silk; warning
    @(80.0000 mm, 2.5000 mm): Segment on Edge.Cuts
    @(80.1200 mm, 7.6900 mm): Segment of J2 on F.Silkscreen
[silk_edge_clearance]: Silkscreen clipped by board edge
    Rule: board setup constraints silk; warning
    @(80.0000 mm, 2.5000 mm): Segment on Edge.Cuts
    @(80.1200 mm, 33.2300 mm): Segment of J2 on F.Silkscreen
[silk_overlap]: Silkscreen clearance
    Rule: board setup constraints silk; warning
    @(69.0000 mm, 34.8000 mm): PCB text '1=GND 2=D- 3=D+' on F.Silkscreen
    @(69.2000 mm, 35.6000 mm): Reference field of BZ1
[silk_overlap]: Silkscreen clearance
    Rule: board setup constraints silk; warning
    @(12.0000 mm, 10.5000 mm): Reference field of U2
    @(11.7387 mm, 10.2350 mm): Segment of C1 on F.Silkscreen
[silk_over_copper]: Silkscreen clipped by solder mask
    Local override; warning
    @(12.0000 mm, 10.5000 mm): Reference field of U2
    @(11.0500 mm, 9.5000 mm): Pad 1 [+5V] of C1 on F.Cu
[silk_over_copper]: Silkscreen clipped by solder mask
    Local override; warning
    @(12.0000 mm, 10.5000 mm): Reference field of U2
    @(12.9500 mm, 9.5000 mm): Pad 2 [GND] of C1 on F.Cu

** Found 1 unconnected pads **
[unconnected_items]: Missing connection between items
    Local override; error
    @(7.1450 mm, 31.2500 mm): Track [USB_D-] on F.Cu, length 3.3000 mm
    @(17.4500 mm, 32.1375 mm): Pad 3 [USB_D-] of U4 on F.Cu

** Found 0 Footprint errors **

** Ignored checks **
    - Footprint has no courtyard defined
    - Track endpoint not centered on via
    - Tuning profile track geometries
    - Footprint doesn't match symbol's footprint filters
    - Footprint component type doesn't match footprint pads

** End of Report **
